Category,bytes <50KB,bytes 250-500KB,bytes 500-750KB,bytes 50-100MB,bytes 10-50MB,bytes 750KB-1MB,bytes 250>,bytes 50-100KB,bytes 100-250KB,bytes 100-250MB,bytes 1-10MB,count 750KB-1MB,count 1-10MB,count 250>,count 250-500KB,count <50KB,count 50-100KB,count 100-250KB,count 100-250MB,count 500-750KB,count 50-100MB,count 10-50MB
added,5,1000004,2000004,200000004,40000004,3000004,1000000004,250005,500005,400000004,4000004,4,4,4,4,5,5,5,4,4,4,4
modified,0,0,0,0,0,0,0,0,0,0,0,0,0,0,0,0,0,0,0,0,0,0
unchanged,0,0,0,0,0,0,0,0,0,0,0,0,0,0,0,0,0,0,0,0,0,0
removed,0,0,0,0,0,0,0,0,0,0,0,0,0,0,0,0,0,0,0,0,0,0
